// Jest Snapshot v1, https://goo.gl/fbAQLP

exports[`Download Button Component Should render without crashing 1`] = `
<View
  accessible={true}
  focusable={true}
  onClick={[Function]}
  onResponderGrant={[Function]}
  onResponderMove={[Function]}
  onResponderRelease={[Function]}
  onResponderTerminate={[Function]}
  onResponderTerminationRequest={[Function]}
  onStartShouldSetResponder={[Function]}
  style={
    Object {
      "opacity": 1,
    }
  }
>
  <Text
    allowFontScaling={false}
    style={
      Array [
        Object {
          "color": "#666",
          "fontSize": 28,
        },
        undefined,
        Object {
          "fontFamily": "Ionicons",
          "fontStyle": "normal",
          "fontWeight": "normal",
        },
        Object {},
      ]
    }
  >
    ïŠŠ
  </Text>
</View>
`;
